
> smartbook-ai-store@0.0.0 build
> vite build

[36mvite v5.4.21 [32mbuilding for production...[36m[39m
transforming...
[32m✓[39m 40 modules transformed.
node.exe : 
[31mx[39m Build 
failed in 695ms
At line:1 char:1
+ & "C:\Program File
s\nodejs/node.exe" 
"C:\Program Files\no
dejs/node_mo ...
+ ~~~~~~~~~~~~~~~~~~
~~~~~~~~~~~~~~~~~~~~
~~~~~~~~~~~~~~~~~~~~
~~~~~~~~~~~
    + CategoryInfo  
            : NotS  
  pecified: ([31   
 mx[39m Build f    
ailed in 695ms:    
String) [], Rem    
oteException
    + FullyQualifie 
   dErrorId : Nati  
  veCommandError
 
[31merror during 
build:
[31mCould not 
resolve "../../../co
ntext/AuthContext" 
from "src/pages/admi
n/AdminLayout.jsx"[
31m
file: [36mD:/7.CTU/
DigitalMarketing/Sma
rtBook/frontend/src/
pages/admin/AdminLay
out.jsx[31m
    at 
getRollupError (file
:///D:/7.CTU/Digital
Marketing/SmartBook/
frontend/node_module
s/rollup/dist/es/sha
red/parseAst.js:406:
41)
    at error (file:/
//D:/7.CTU/DigitalMa
rketing/SmartBook/fr
ontend/node_modules/
rollup/dist/es/share
d/parseAst.js:402:42
)
    at ModuleLoader.
handleInvalidResolve
dId (file:///D:/7.CT
U/DigitalMarketing/S
martBook/frontend/no
de_modules/rollup/di
st/es/shared/node-en
try.js:21765:24)
    at file:///D:/7.
CTU/DigitalMarketing
/SmartBook/frontend/
node_modules/rollup/
dist/es/shared/node-
entry.js:21725:26[3
9m
